[
    [
        "\nmodule.exports = {\n\tfoo: foo\n}",
        {
            "start": [
                5,
                2
            ],
            "end": [
                5,
                2
            ]
        }
    ]
]
