[
    [
        "No appropriate named function to export did you select a line containing a function?"
    ]
]
