[
    [
        "\n\tfoo: foo,",
        {
            "start": [
                10,
                19
            ],
            "end": [
                10,
                19
            ]
        }
    ]
]
