[
    [
        "foo: function () {\n ",
        {
            "start": [
                2,
                1
            ],
            "end": [
                3,
                1
            ]
        }
    ]
]
