[
    [
        "function myBar () {\n",
        {
            "start": [
                8,
                1
            ],
            "end": [
                9,
                1
            ]
        }
    ]
]
