[
    [
        "No appropriate anonymous or member function to convert."
    ]
]
