[
    [
        "No appropriate named function to convert did you select a line containing a function?"
    ]
]
