[
    [
        "function foo () {\n",
        {
            "start": [
                3,
                1
            ],
            "end": [
                4,
                1
            ]
        }
    ]
]
