[
    [
        "Cannot extract variable if it is not inside a function"
    ]
]
