[
    [
        "\n    console.log(foo);\n  }",
        {
            "start": [
                22,
                12
            ],
            "end": [
                24,
                4
            ]
        }
    ],
    [
        "var foo = 'blerg';\n",
        {
            "start": [
                23,
                0
            ],
            "end": [
                23,
                0
            ]
        }
    ]
]
