[
    [
        "{\n        console.log(foo, 7 + 8);\n    }",
        {
            "start": [
                5,
                31
            ],
            "end": [
                7,
                6
            ]
        }
    ],
    [
        "var foo = baz;\n",
        {
            "start": [
                5,
                0
            ],
            "end": [
                5,
                0
            ]
        }
    ]
]
