[
    [
        "Variable is either not local or unassigned, cannot inline"
    ]
]
