[
    [
        "\n    var bad;\n\n    console.log(baz, 7 + 8);\n}",
        {
            "start": [
                10,
                19
            ],
            "end": [
                14,
                2
            ]
        }
    ]
]
