[
    [
        "Cannot negate empty selection, be sure to select expression to negate"
    ]
]
