[
    [
        "(foo&&bar||!(foo%3))",
        {
            "start": [
                7,
                7
            ],
            "end": [
                7,
                28
            ]
        }
    ]
]
