[
    [
        "!(!(foo) && (bar))",
        {
            "start": [
                9,
                7
            ],
            "end": [
                9,
                22
            ]
        }
    ]
]
