[
    [
        "!(!foo && bar)",
        {
            "start": [
                8,
                7
            ],
            "end": [
                8,
                18
            ]
        }
    ]
]
