[
    [
        "!(foo && bar)",
        {
            "start": [
                6,
                7
            ],
            "end": [
                6,
                19
            ]
        }
    ]
]
