[
    [
        "foo",
        {
            "start": [
                4,
                7
            ],
            "end": [
                4,
                11
            ]
        }
    ]
]
