[
    [
        "!foo",
        {
            "start": [
                3,
                7
            ],
            "end": [
                3,
                10
            ]
        }
    ]
]
