[
    [
        "!(foo && bar)",
        {
            "start": [
                5,
                7
            ],
            "end": [
                5,
                17
            ]
        }
    ]
]
