[
    [
        "'use strict';\n\nfunction foo (quux) {\n  console.log(quux);\n}\n"
    ]
]
