[
    [
        "import React, { Component } from 'react';\nimport { withRouter, Link, Redirect } from 'react-router-dom';\nimport { observer, inject } from 'mobx-react';\nimport cn from 'classnames';\nimport Guest from './Guest';\nimport Member from './Member';\n\nimport Routes from '../Routes';\n\nimport styles from './index.sass';\n\n@inject('user')\n@observer\nclass Application extends Component {\n    constructor(props) {\n        super(props);\n    }\n\n    componentWillMount() {\n        this.props.user.signIn();\n    }\n\n    testFn(something) {\n        var quux = 'blerg';\n        console.log(quux);\n        console.log(something.foo);\n    }\n\n    guestOrMember() {\n        const { user } = this.props;\n        if (user.signedIn) {\n            return <Member />;\n        }\n\n        return <Guest />;\n    }\n\n    render() {\n        return (\n            <div id=\"Layout container\" className={styles.layout}>\n                <div className={cn('pure-menu', 'pure-menu-horizontal', 'pure-menu-fixed', styles.mainNav)}>\n                    <Link className={cn('pure-menu-heading', styles.heading)} to=\"/\">Invoiced</Link>\n                    {this.guestOrMember()}\n                </div>\n                <Routes />\n            </div>\n        );\n    }\n}\n\nexport default withRouter(Application);\n"
    ]
]
