[
    [
        "Cannot shift parameters on an empty selection."
    ]
]
