[
    [
        "b, c, a",
        {
            "start": [
                2,
                14
            ],
            "end": [
                2,
                21
            ]
        }
    ]
]
