[
    [
        "c, a, b",
        {
            "start": [
                2,
                14
            ],
            "end": [
                2,
                21
            ]
        }
    ]
]
