[
    [
        "Cannot wrap empty selection. To create a new IIFE, use the IIFE (iife) snippet."
    ]
]
