[
    [
        "Cannot wrap empty selection. To create a new generator, use the generator snippet."
    ]
]
