[
    [
        "Cannot wrap empty selection. To create a new async function, use the async snippet."
    ]
]
