[
    [
        "\n(function () {\nfunction bar (a, b){\n        somethingElse(a + b);\n    }\n})();\n",
        {
            "start": [
                3,
                4
            ],
            "end": [
                5,
                5
            ]
        }
    ]
]
